  ╭─[ test/fixtures/member_text_only_name.toml · question 1 ]
  │
1 │ [[question]]
2 │ type = "distribute"
3 │ points_per_member = 3
4 │ instruction = "Distribute {points} points among your {count} teammates."
5 │ member_text = "{name}"
  · ┬─────────────────────
  · ╰── member_text must have literal text around `{name}`
  │
  ╰─ help: fetch finds these questions by the literal text around {name}
